tests/fixtures/diag/xn2003_list.xn:2:8: error[XN2003]: `List<Int>` has no method named `size`
  methods of List<Int> (6 of 10):
      len() -> Int
      is_empty() -> Bool
      push(item: Int) -> Unit
      pop() -> Option<Int>
      get(index: Int) -> Option<Int>
      replace(index: Int, value: Int) -> Option<Int>
2 |     xs.size()
  |        ^^^^
  run `xenith explain XN2003` for the rule
