[
  {
    "diagnostics": [
      {
        "code": "XN2003",
        "column": 7,
        "line": 2,
        "message": "`Map<String, Int>` has no method named `set`",
        "severity": "error",
        "span": {
          "end": 44,
          "start": 41
        }
      }
    ],
    "file": "tests/fixtures/diag/xn2003_map.xn",
    "schema_version": 1
  }
]
