[
  {
    "diagnostics": [
      {
        "code": "XN2002",
        "column": 5,
        "line": 2,
        "message": "nothing named `missing` is in scope",
        "severity": "error",
        "span": {
          "end": 27,
          "start": 20
        }
      }
    ],
    "file": "tests/fixtures/diag/xn2002_unknown_name.xn",
    "schema_version": 1
  }
]
